// Jest Snapshot v1, https://goo.gl/fbAQLP

exports[`<TrackCard /> tests renders without crashing 1`] = `
Object {
  "asFragment": [Function],
  "baseElement": .c0 {
  width: 35rem;
  height: 10rem;
  display: -webkit-box;
  display: -webkit-flex;
  display: -ms-flexbox;
  display: flex;
  -webkit-box-pack: justify;
  -webkit-justify-content: space-between;
  -ms-flex-pack: justify;
  justify-content: space-between;
  -webkit-align-items: stretch;
  -webkit-box-align: stretch;
  -ms-flex-align: stretch;
  align-items: stretch;
  padding-top: 0.5rem;
  padding-bottom: 0.5rem;
  padding-left: 1rem;
  padding-right: 1rem;
  margin-top: 1rem;
  margin-bottom: 1rem;
  margin-left: 1rem;
  margin-right: 1rem;
  border-radius: 18px;
  box-shadow: 1px 1px 5px 1px #FFFFA7;
  background-color: #14213D;
}

.c1 {
  border-radius: 5px;
  border-width: 0.5px;
  border-color: #FCA311;
  border-style: solid;
}

.c2 {
  display: -webkit-box;
  display: -webkit-flex;
  display: -ms-flexbox;
  display: flex;
  -webkit-flex-direction: column;
  -ms-flex-direction: column;
  flex-direction: column;
  -webkit-box-pack: center;
  -webkit-justify-content: center;
  -ms-flex-pack: center;
  justify-content: center;
  -webkit-align-items: center;
  -webkit-box-align: center;
  -ms-flex-align: center;
  align-items: center;
  padding-left: 1rem;
  padding-right: 1rem;
  color: #E5E5E5;
  line-height: 2rem;
}

.c3 {
  display: -webkit-box;
  display: -webkit-flex;
  display: -ms-flexbox;
  display: flex;
  -webkit-flex-direction: column;
  -ms-flex-direction: column;
  flex-direction: column;
  -webkit-box-pack: space-evenly;
  -webkit-justify-content: space-evenly;
  -ms-flex-pack: space-evenly;
  justify-content: space-evenly;
}

.c4 {
  height: 3.4rem;
  width: 4.7rem;
  padding-right: 10px;
  background-color: #2D4B8B;
  background-repeat: no-repeat;
  background-position: center;
  border-style: solid;
  border-radius: 5px;
  border-width: 1px;
  border-color: #FCA311;
}

.c5 {
  background-image: url(play.png);
}

<body>
    <div>
      <div
        class="c0"
        role="listitem"
      >
        <img
          alt="Album cover"
          class="c1"
          src="https://api.deezer.com/album/234349272/image"
        />
        <div
          class="c2"
        >
          <div>
            Meu Pedaço de Pecado
          </div>
          <div
            data-cy="artistName"
          >
            João Gomes
          </div>
          <div>
            2:37
          </div>
        </div>
        <div
          class="c3"
        >
          <button
            class="c4 c5"
            name="play/pause"
          />
          <button
            class="c4"
            name="more info"
          />
          <button
            class="c4"
            name="favorite"
          />
        </div>
      </div>
    </div>
  </body>,
  "container": <div>
    <div
      class="sc-bdnxRM jHgyFr"
      role="listitem"
    >
      <img
        alt="Album cover"
        class="sc-gtsrHT bfbqIY"
        src="https://api.deezer.com/album/234349272/image"
      />
      <div
        class="sc-dlnjwi kuHGNG"
      >
        <div>
          Meu Pedaço de Pecado
        </div>
        <div
          data-cy="artistName"
        >
          João Gomes
        </div>
        <div>
          2:37
        </div>
      </div>
      <div
        class="sc-hKFxyN MeTXB"
      >
        <button
          class="sc-eCApnc sc-jSFjdj ivfXAQ crPzXw"
          name="play/pause"
        />
        <button
          class="sc-eCApnc ivfXAQ"
          name="more info"
        />
        <button
          class="sc-eCApnc ivfXAQ"
          name="favorite"
        />
      </div>
    </div>
  </div>,
  "debug": [Function],
  "findAllByAltText": [Function],
  "findAllByDisplayValue": [Function],
  "findAllByLabelText": [Function],
  "findAllByPlaceholderText": [Function],
  "findAllByRole": [Function],
  "findAllByTestId": [Function],
  "findAllByText": [Function],
  "findAllByTitle": [Function],
  "findByAltText": [Function],
  "findByDisplayValue": [Function],
  "findByLabelText": [Function],
  "findByPlaceholderText": [Function],
  "findByRole": [Function],
  "findByTestId": [Function],
  "findByText": [Function],
  "findByTitle": [Function],
  "getAllByAltText": [Function],
  "getAllByDisplayValue": [Function],
  "getAllByLabelText": [Function],
  "getAllByPlaceholderText": [Function],
  "getAllByRole": [Function],
  "getAllByTestId": [Function],
  "getAllByText": [Function],
  "getAllByTitle": [Function],
  "getByAltText": [Function],
  "getByDisplayValue": [Function],
  "getByLabelText": [Function],
  "getByPlaceholderText": [Function],
  "getByRole": [Function],
  "getByTestId": [Function],
  "getByText": [Function],
  "getByTitle": [Function],
  "queryAllByAltText": [Function],
  "queryAllByDisplayValue": [Function],
  "queryAllByLabelText": [Function],
  "queryAllByPlaceholderText": [Function],
  "queryAllByRole": [Function],
  "queryAllByTestId": [Function],
  "queryAllByText": [Function],
  "queryAllByTitle": [Function],
  "queryByAltText": [Function],
  "queryByDisplayValue": [Function],
  "queryByLabelText": [Function],
  "queryByPlaceholderText": [Function],
  "queryByRole": [Function],
  "queryByTestId": [Function],
  "queryByText": [Function],
  "queryByTitle": [Function],
  "rerender": [Function],
  "unmount": [Function],
}
`;
